[rstheme.com/products/wordpress/medvill/home-one-page/index.html]
[backblue.gif]
[fade.gif]
[index.html]
[rstheme.com/products/wordpress/medvill/wp-includes/css/dist/block-library/style.min6281.css]
[rstheme.com/products/wordpress/medvill/wp-content/plugins/woocommerce/packages/woocommerce-blocks/build/wc-blocks-vendors-styled03b.css]
[rstheme.com/products/wordpress/medvill/wp-content/plugins/woocommerce/packages/woocommerce-blocks/build/wc-blocks-styled03b.css]
[rstheme.com/products/wordpress/medvill/wp-content/plugins/cl_testimonial/css/style6281.css]
[rstheme.com/products/wordpress/medvill/wp-content/plugins/cl_testimonial/css/hover-min6281.css]
[rstheme.com/products/wordpress/medvill/wp-content/plugins/cl_testimonial/css/font-awesome.min6281.css]
[rstheme.com/products/wordpress/medvill/wp-content/plugins/cl_testimonial/css/slick6281.css]
[rstheme.com/products/wordpress/medvill/wp-content/plugins/cl_testimonial/css/slick-theme6281.css]
[rstheme.com/products/wordpress/medvill/wp-content/plugins/contact-form-7/includes/css/styles7661.css]
[rstheme.com/products/wordpress/medvill/wp-content/plugins/mp-timetable/media/css/stylea305.css]
[rstheme.com/products/wordpress/medvill/wp-content/plugins/revslider/public/assets/css/rs652c7.css]
[rstheme.com/products/wordpress/medvill/wp-content/plugins/rs-logo-showcase/assets/css/owl.carousel.css]
[rstheme.com/products/wordpress/medvill/wp-content/plugins/rs-logo-showcase/assets/css/rs-logo-grid.css]
[rstheme.com/products/wordpress/medvill/wp-content/plugins/rs-logo-showcase/assets/css/logo.css]
[rstheme.com/products/wordpress/medvill/wp-content/plugins/woocommerce/assets/css/woocommerce-layout4c7e.css]
[rstheme.com/products/wordpress/medvill/wp-content/plugins/woocommerce/assets/css/woocommerce-smallscreen4c7e.css]
[rstheme.com/products/wordpress/medvill/wp-content/plugins/woocommerce/assets/css/woocommerce4c7e.css]
[rstheme.com/products/wordpress/medvill/wp-content/themes/medvill/assets/css/bootstrap.min6281.css]
[rstheme.com/products/wordpress/medvill/wp-content/plugins/js_composer/assets/lib/bower/font-awesome/css/font-awesome.min1eb7.css]
[rstheme.com/products/wordpress/medvill/wp-content/themes/medvill/assets/css/icofont6281.css]
[rstheme.com/products/wordpress/medvill/wp-content/themes/medvill/assets/css/flaticon6281.css]
[rstheme.com/products/wordpress/medvill/wp-content/themes/medvill/assets/css/lineicons6281.css]
[rstheme.com/products/wordpress/medvill/wp-content/themes/medvill/assets/css/slick6281.css]
[rstheme.com/products/wordpress/medvill/wp-content/themes/medvill/assets/css/magnific-popup6281.css]
[rstheme.com/products/wordpress/medvill/wp-content/themes/medvill/assets/css/default6281.css]
[rstheme.com/products/wordpress/medvill/wp-content/themes/medvill/assets/css/responsive6281.css]
[rstheme.com/products/wordpress/medvill/wp-content/themes/medvill/style6281.css]
[rstheme.com/products/wordpress/medvill/wp-content/plugins/js_composer/assets/css/js_composer.min1eb7.css]
[rstheme.com/products/wordpress/medvill/wp-content/uploads/2019/01/plus_bge592.png]
[rstheme.com/products/wordpress/medvill/wp-includes/js/jquery/jquery.minaf6c.js]
[rstheme.com/products/wordpress/medvill/wp-includes/js/jquery/jquery-migrate.mind617.js]
[rstheme.com/products/wordpress/medvill/wp-content/plugins/revslider/public/assets/js/revolution.tools.minf049.js]
[rstheme.com/products/wordpress/medvill/wp-content/plugins/revslider/public/assets/js/rs6.min52c7.js]
[rstheme.com/products/wordpress/medvill/wp-content/plugins/woocommerce/assets/js/jquery-blockui/jquery.blockUI.mincf7c.js]
[rstheme.com/products/wordpress/medvill/wp-content/plugins/woocommerce/assets/js/frontend/add-to-cart.min4c7e.js]
[rstheme.com/products/wordpress/medvill/wp-content/plugins/js_composer/assets/js/vendors/woocommerce-add-to-cart1eb7.js]
[rstheme.com/products/wordpress/medvill/wp-content/uploads/2019/07/favicon.png]
[rstheme.com/products/wordpress/medvill/wp-content/uploads/2019/08/logo.png]
[rstheme.com/products/wordpress/medvill/wp-content/uploads/2019/08/logo-dark.png]
[rstheme.com/products/wordpress/medvill/wp-content/uploads/2019/07/home2-slider1.jpg]
[rstheme.com/products/wordpress/medvill/wp-content/uploads/2019/07/home-2-layer1.png]
[rstheme.com/products/wordpress/medvill/wp-content/uploads/2019/07/home2-layer2.png]
[rstheme.com/products/wordpress/medvill/wp-content/uploads/2019/07/home-2-about.png]
[rstheme.com/products/wordpress/medvill/wp-content/uploads/2019/05/ambulance.png]
[rstheme.com/products/wordpress/medvill/wp-content/uploads/2019/05/medicine.png]
[rstheme.com/products/wordpress/medvill/wp-content/uploads/2019/05/brain.png]
[rstheme.com/products/wordpress/medvill/wp-content/uploads/2019/05/baby-drinking-bottle.png]
[rstheme.com/products/wordpress/medvill/wp-content/uploads/2019/01/dental-about.jpg]
[rstheme.com/products/wordpress/medvill/wp-content/uploads/2019/07/3.jpg]
[rstheme.com/products/wordpress/medvill/wp-content/uploads/2019/07/2.jpg]
[rstheme.com/products/wordpress/medvill/wp-content/uploads/2019/07/4.jpg]
[rstheme.com/products/wordpress/medvill/wp-content/uploads/2019/07/5.jpg]
[rstheme.com/products/wordpress/medvill/wp-content/uploads/2018/12/doc_9.jpg]
[rstheme.com/products/wordpress/medvill/wp-content/uploads/2018/12/doc_8.jpg]
[rstheme.com/products/wordpress/medvill/wp-content/uploads/2018/12/doc_7.jpg]
[rstheme.com/products/wordpress/medvill/wp-content/uploads/2018/12/doc_4.jpg]
[rstheme.com/products/wordpress/medvill/wp-content/uploads/2018/12/doc_1.jpg]
[rstheme.com/products/wordpress/medvill/wp-content/uploads/2018/12/doc_2.jpg]
[rstheme.com/products/wordpress/medvill/wp-content/uploads/2018/11/doc_5.jpg]
[rstheme.com/products/wordpress/medvill/wp-content/uploads/2018/11/doc_3.jpg]
[rstheme.com/products/wordpress/medvill/wp-content/uploads/2018/11/doc_6.jpg]
[rstheme.com/products/wordpress/medvill/wp-content/uploads/2018/11/client_1.jpg]
[rstheme.com/products/wordpress/medvill/wp-content/uploads/2018/11/client_3.jpg]
[rstheme.com/products/wordpress/medvill/wp-content/uploads/2018/11/client_2.jpg]
[rstheme.com/products/wordpress/medvill/wp-content/uploads/2018/11/client_4.jpg]
[rstheme.com/products/wordpress/medvill/wp-content/uploads/2018/11/3_blog.jpg]
[rstheme.com/products/wordpress/medvill/wp-content/uploads/2018/11/4_blog.jpg]
[rstheme.com/products/wordpress/medvill/wp-content/uploads/2018/11/2_blog.jpg]
[rstheme.com/products/wordpress/medvill/wp-content/uploads/2018/11/1_blog.jpg]
[rstheme.com/products/wordpress/medvill/wp-content/uploads/2018/11/6-2.jpg]
[rstheme.com/products/wordpress/medvill/wp-content/uploads/2018/11/logo_3.png]
[rstheme.com/products/wordpress/medvill/wp-content/uploads/2018/12/logo_1.png]
[rstheme.com/products/wordpress/medvill/wp-content/uploads/2018/12/logo_2.png]
[rstheme.com/products/wordpress/medvill/wp-content/uploads/2018/12/logo_4.png]
[rstheme.com/products/wordpress/medvill/wp-content/uploads/2018/12/logo_5.png]
[rstheme.com/products/wordpress/medvill/wp-content/uploads/2018/12/logo_6.png]
[rstheme.com/products/wordpress/medvill/wp-content/uploads/2018/11/full-width.jpg]
[rstheme.com/products/wordpress/medvill/wp-content/plugins/js_composer/assets/css/js_composer_tta.min1eb7.css]
[rstheme.com/products/wordpress/medvill/wp-content/plugins/cl_testimonial/js/slick.min4e44.js]
[rstheme.com/products/wordpress/medvill/wp-content/plugins/cl_testimonial/js/main4963.js]
[rstheme.com/products/wordpress/medvill/wp-includes/js/dist/vendor/regenerator-runtime.minb36a.js]
[rstheme.com/products/wordpress/medvill/wp-includes/js/dist/vendor/wp-polyfill.min2c7c.js]
[rstheme.com/products/wordpress/medvill/wp-content/plugins/contact-form-7/includes/js/index7661.js]
[rstheme.com/products/wordpress/medvill/wp-content/plugins/rs-logo-showcase/assets/js/owl.carousel592e.js]
[rstheme.com/products/wordpress/medvill/wp-content/plugins/rs-logo-showcase/assets/js/main2fdc.js]
[rstheme.com/products/wordpress/medvill/wp-content/plugins/woocommerce/assets/js/js-cookie/js.cookie.mincf3c.js]
[rstheme.com/products/wordpress/medvill/wp-content/plugins/woocommerce/assets/js/frontend/woocommerce.min4c7e.js]
[rstheme.com/products/wordpress/medvill/wp-content/plugins/woocommerce/assets/js/frontend/cart-fragments.min4c7e.js]
[rstheme.com/products/wordpress/medvill/wp-content/themes/medvill/assets/js/modernizr-2.8.3.min4a7d.js]
[rstheme.com/products/wordpress/medvill/wp-content/themes/medvill/assets/js/bootstrap.min4a7d.js]
[rstheme.com/products/wordpress/medvill/wp-content/themes/medvill/assets/js/slick.min4a7d.js]
[rstheme.com/products/wordpress/medvill/wp-content/themes/medvill/assets/js/waypoints.min4a7d.js]
[rstheme.com/products/wordpress/medvill/wp-content/themes/medvill/assets/js/waypoints-sticky.min4a7d.js]
[rstheme.com/products/wordpress/medvill/wp-content/themes/medvill/assets/js/jquery.counterup.min4a7d.js]
[rstheme.com/products/wordpress/medvill/wp-includes/js/imagesloaded.mineda1.js]
[rstheme.com/products/wordpress/medvill/wp-content/themes/medvill/assets/js/isotope-medvill4a7d.js]
[rstheme.com/products/wordpress/medvill/wp-content/themes/medvill/assets/js/flickr/jflickrfeed.min4a7d.js]
[rstheme.com/products/wordpress/medvill/wp-content/themes/medvill/assets/js/jquery.magnific-popup.min4a7d.js]
[rstheme.com/products/wordpress/medvill/wp-content/themes/medvill/assets/js/jquery.easing.min4a7d.js]
[rstheme.com/products/wordpress/medvill/wp-content/themes/medvill/assets/js/main5139.js]
[rstheme.com/products/wordpress/medvill/wp-includes/js/wp-embed.min6281.js]
[rstheme.com/products/wordpress/medvill/wp-content/plugins/js_composer/assets/js/dist/js_composer_front.min1eb7.js]
[rstheme.com/products/wordpress/medvill/wp-content/plugins/js_composer/assets/lib/vc_accordion/vc-accordion.min1eb7.js]
[rstheme.com/products/wordpress/medvill/wp-content/plugins/js_composer/assets/lib/vc-tta-autoplay/vc-tta-autoplay.min1eb7.js]
[rstheme.com/products/wordpress/medvill/wp-content/plugins/js_composer/assets/lib/vc_tabs/vc-tabs.min1eb7.js]
[rstheme.com/products/wordpress/medvill/home-one-page/index.html]
[rstheme.com/products/wordpress/medvill/wp-includes/css/dist/block-library/style.min6281.css]
[rstheme.com/products/wordpress/medvill/wp-content/plugins/woocommerce/packages/woocommerce-blocks/build/wc-blocks-vendors-styled03b.css]
[rstheme.com/products/wordpress/medvill/wp-content/plugins/woocommerce/packages/woocommerce-blocks/build/wc-blocks-styled03b.css]
[rstheme.com/products/wordpress/medvill/wp-content/plugins/cl_testimonial/css/style6281.css]
[rstheme.com/products/wordpress/medvill/wp-content/plugins/cl_testimonial/css/hover-min6281.css]
[rstheme.com/products/wordpress/medvill/wp-content/plugins/mailchimp-for-wp/assets/js/forms81db.js]
[rstheme.com/products/wordpress/medvill/wp-content/plugins/cl_testimonial/css/fonts/fontawesome-webfont93e3.eot]
[rstheme.com/products/wordpress/medvill/wp-content/plugins/cl_testimonial/css/fonts/fontawesome-webfontd41d.eot]
[rstheme.com/products/wordpress/medvill/wp-content/plugins/cl_testimonial/css/fonts/fontawesome-webfont93e3.woff2]
[rstheme.com/products/wordpress/medvill/wp-content/plugins/cl_testimonial/css/fonts/fontawesome-webfont93e3.woff]
[rstheme.com/products/wordpress/medvill/wp-content/plugins/cl_testimonial/css/fonts/fontawesome-webfont93e3.ttf]
[rstheme.com/products/wordpress/medvill/wp-content/plugins/cl_testimonial/css/font-awesome.min6281.css]
[rstheme.com/products/wordpress/medvill/wp-content/plugins/cl_testimonial/css/slick6281.css]
[rstheme.com/products/wordpress/medvill/wp-content/plugins/cl_testimonial/css/fonts/fontawesome-webfont93e3.svg]
[rstheme.com/products/wordpress/medvill/wp-content/plugins/cl_testimonial/css/ajax-loader.gif]
[rstheme.com/products/wordpress/medvill/wp-content/plugins/cl_testimonial/css/fonts/slick.eot]
[rstheme.com/products/wordpress/medvill/wp-content/plugins/cl_testimonial/css/fonts/slickd41d.eot]
[rstheme.com/products/wordpress/medvill/wp-content/plugins/cl_testimonial/css/fonts/slick.woff]
[rstheme.com/products/wordpress/medvill/wp-content/plugins/cl_testimonial/css/fonts/slick.ttf]
[rstheme.com/products/wordpress/medvill/wp-content/plugins/cl_testimonial/css/fonts/slick.svg]
[rstheme.com/products/wordpress/medvill/wp-content/plugins/cl_testimonial/css/slick-theme6281.css]
[rstheme.com/products/wordpress/medvill/wp-content/plugins/contact-form-7/includes/css/styles7661.css]
[rstheme.com/products/wordpress/medvill/wp-content/plugins/mp-timetable/media/css/stylea305.css]
[rstheme.com/products/wordpress/medvill/wp-content/plugins/revslider/public/assets/assets/gridtile.png]
[rstheme.com/products/wordpress/medvill/wp-content/plugins/revslider/public/assets/assets/gridtile_white.png]
[rstheme.com/products/wordpress/medvill/wp-content/plugins/revslider/public/assets/assets/gridtile_3x3.png]
[rstheme.com/products/wordpress/medvill/wp-content/plugins/revslider/public/assets/assets/gridtile_3x3_white.png]
[rstheme.com/products/wordpress/medvill/wp-content/plugins/revslider/public/assets/assets/coloredbg.png]
[rstheme.com/products/wordpress/medvill/wp-content/plugins/revslider/public/assets/assets/loader.gif]
[rstheme.com/products/wordpress/medvill/wp-content/plugins/revslider/public/assets/css/rs652c7.css]
[rstheme.com/products/wordpress/medvill/wp-content/plugins/rs-logo-showcase/assets/css/owl.video.play.png]
[rstheme.com/products/wordpress/medvill/wp-content/plugins/rs-logo-showcase/assets/css/owl.carousel.css]
[rstheme.com/products/wordpress/medvill/wp-content/plugins/rs-logo-showcase/assets/css/rs-logo-grid.css]
[rstheme.com/products/wordpress/medvill/wp-content/plugins/rs-logo-showcase/assets/css/logo.css]
[rstheme.com/products/wordpress/medvill/wp-content/plugins/woocommerce/assets/css/woocommerce-layout4c7e.css]
[rstheme.com/products/wordpress/medvill/wp-content/plugins/woocommerce/assets/css/woocommerce-smallscreen4c7e.css]
[rstheme.com/products/wordpress/medvill/wp-content/plugins/woocommerce/assets/css/woocommerce4c7e.css]
[rstheme.com/products/wordpress/medvill/wp-content/themes/medvill/assets/css/bootstrap.min6281.css]
[rstheme.com/products/wordpress/medvill/wp-content/plugins/js_composer/assets/lib/bower/font-awesome/css/font-awesome.min1eb7.css]
[rstheme.com/products/wordpress/medvill/wp-content/themes/medvill/assets/css/icofont6281.css]
[rstheme.com/products/wordpress/medvill/wp-content/themes/medvill/assets/css/Flaticon.svg]
[rstheme.com/products/wordpress/medvill/wp-content/themes/medvill/assets/css/flaticon6281.css]
[rstheme.com/products/wordpress/medvill/wp-content/themes/medvill/assets/css/lineicons6281.css]
[rstheme.com/products/wordpress/medvill/wp-content/themes/medvill/assets/css/slick6281.css]
[rstheme.com/products/wordpress/medvill/wp-content/themes/medvill/assets/css/magnific-popup6281.css]
[rstheme.com/products/wordpress/medvill/wp-content/themes/medvill/assets/images/about-overlay-l.png]
[rstheme.com/products/wordpress/medvill/wp-content/themes/medvill/assets/images/about-overlay-r.png]
[rstheme.com/products/wordpress/medvill/wp-content/themes/medvill/assets/images/style9.png]
[rstheme.com/products/wordpress/medvill/wp-content/themes/medvill/assets/css/default6281.css]
[rstheme.com/products/wordpress/medvill/wp-content/themes/medvill/assets/css/responsive6281.css]
[rstheme.com/products/wordpress/medvill/wp-content/themes/medvill/style6281.css]
[rstheme.com/products/wordpress/medvill/wp-content/plugins/js_composer/assets/vc/alert.png]
[rstheme.com/products/wordpress/medvill/wp-content/plugins/js_composer/assets/vc/info.png]
[rstheme.com/products/wordpress/medvill/wp-content/plugins/js_composer/assets/vc/tick.png]
[rstheme.com/products/wordpress/medvill/wp-content/plugins/js_composer/assets/vc/exclamation.html]
[rstheme.com/products/wordpress/medvill/wp-content/plugins/js_composer/assets/css/js_composer.min1eb7.css]
[rstheme.com/products/wordpress/medvill/wp-content/plugins/js_composer/assets/css/js_composer_tta.min1eb7.css]
[rstheme.com/products/wordpress/medvill/wp-content/plugins/cl_testimonial/css/fonts/fontawesome-webfont93e3.svg]
[rstheme.com/products/wordpress/medvill/wp-content/plugins/cl_testimonial/css/fonts/slick.html]
[rstheme.com/products/wordpress/medvill/wp-content/plugins/cl_testimonial/css/fonts/slickd41d.html]
[rstheme.com/products/wordpress/medvill/wp-content/plugins/cl_testimonial/css/fonts/slick-2.html]
[rstheme.com/products/wordpress/medvill/wp-content/plugins/cl_testimonial/css/fonts/slick-3.html]
[rstheme.com/products/wordpress/medvill/wp-content/plugins/cl_testimonial/css/fonts/slick-4.html]
[rstheme.com/products/wordpress/medvill/wp-content/plugins/revslider/public/assets/css/openhand.html]
[rstheme.com/products/wordpress/medvill/wp-content/plugins/revslider/public/assets/css/closedhand.html]
[rstheme.com/products/wordpress/medvill/wp-content/plugins/rs-logo-showcase/assets/css/owl.video.play.html]
[rstheme.com/products/wordpress/medvill/wp-content/themes/medvill/assets/css/Flaticon.html]
[rstheme.com/products/wordpress/medvill/wp-content/themes/medvill/assets/images/about-overlay-l.html]
[rstheme.com/products/wordpress/medvill/wp-content/themes/medvill/assets/images/about-overlay-r.html]
